Warning: Design 'caravel' has '1' unresolved references. For more detailed information, use the "link" command. (UID-341)
 
****************************************
Report : area
Design : caravel
Version: T-2022.03-SP5-6
Date   : Sat Dec  7 04:01:56 2024
****************************************

Library(s) Used:

    No libraries used.

Number of ports:                           63
Number of nets:                           698
Number of cells:                            2
Number of combinational cells:              0
Number of sequential cells:                 2
Number of macros/black boxes:               0
Number of buf/inv:                          0
Number of references:                       2

Combinational area:                  0.000000
Buf/Inv area:                        0.000000
Noncombinational area:               0.000000
Macro/Black Box area:                0.000000
Net Interconnect area:             143.788000

Total cell area:                     0.000000
Total area:                        143.788000

Information: This design contains black box (unknown) components. (RPT-8)
1
