 
****************************************
Report : area
Design : caravel
Version: T-2022.03-SP5-6
Date   : Fri Feb  7 08:05:35 2025
****************************************

Library(s) Used:

    tsl18fs120_scl_ff (File: /home/dhanvanti/scl_pdk_v2/stdlib/fs120/liberty/lib_flow_ff/tsl18fs120_scl_ff.db)
    tsl18cio250_typ (File: /home/dhanvanti/scl_pdk_v2/iolib/cio250/synopsys/2002.05/models/tsl18cio250_typ.db)

Number of ports:                         2196
Number of nets:                         25307
Number of cells:                        23939
Number of combinational cells:          17569
Number of sequential cells:              6277
Number of macros/black boxes:              20
Number of buf/inv:                       4368
Number of references:                      56

Combinational area:             291911.570024
Buf/Inv area:                    35615.529887
Noncombinational area:          432814.661930
Macro/Black Box area:             5282.080254
Net Interconnect area:           27475.913320

Total cell area:                730008.312208
Total area:                     757484.225528
1
