 
****************************************
Report : power
        -analysis_effort low
Design : caravel
Version: T-2022.03-SP5-6
Date   : Tue Feb  4 11:15:06 2025
****************************************


Library(s) Used:

    tsl18fs120_scl_ff (File: /home/dhanvanti/scl_pdk_v2/stdlib/fs120/liberty/lib_flow_ff/tsl18fs120_scl_ff.db)
    tsl18cio250_typ (File: /home/dhanvanti/scl_pdk_v2/iolib/cio250/synopsys/2002.05/models/tsl18cio250_typ.db)


Operating Conditions: tsl18fs120_scl_ff   Library: tsl18fs120_scl_ff
Wire Load Model Mode: top

Design        Wire Load Model            Library
------------------------------------------------
caravel                1000000           tsl18fs120_scl_ff


Global Operating Voltage = 1.98 
Power-specific unit information :
    Voltage Units = 1V
    Capacitance Units = 1.000000pf
    Time Units = 1ns
    Dynamic Power Units = 1mW    (derived from V,C,T units)
    Leakage Power Units = 1pW


Attributes
----------
i - Including register clock pin internal power


  Cell Internal Power  =  28.8568 mW   (67%)
  Net Switching Power  =  14.2136 mW   (33%)
                         ---------
Total Dynamic Power    =  43.0704 mW  (100%)

Cell Leakage Power     =   1.3876 uW


                 Internal         Switching           Leakage            Total
Power Group      Power            Power               Power              Power   (   %    )  Attrs
--------------------------------------------------------------------------------------------------
io_pad             1.6548            0.5649        4.1871e+05            2.2201  (   5.22%)
memory             0.0000            0.0000            0.0000            0.0000  (   0.00%)
black_box          0.0000        1.1606e-02           62.7200        1.1606e-02  (   0.03%)
clock_network     27.0666           12.1784        1.0640e+04           39.2450  (  92.28%)  i
register       5.7594e-02        3.3581e-02        6.3547e+05        9.1795e-02  (   0.22%)
sequential     2.4120e-04        2.9990e-05        7.7858e+03        2.7897e-04  (   0.00%)
combinational  7.6786e-02            0.8805        3.1492e+05            0.9576  (   2.25%)
--------------------------------------------------------------------------------------------------
Total             28.8560 mW        13.6690 mW     1.3876e+06 pW        42.5265 mW
1
